   Compiling quote v1.0.44
   Compiling proc-macro2 v1.0.106
   Compiling unicode-ident v1.0.22
   Compiling libc v0.2.180
   Compiling cfg-if v1.0.4
   Compiling serde_core v1.0.228
   Compiling serde v1.0.228
   Compiling version_check v0.9.5
   Compiling typenum v1.19.0
   Compiling shlex v1.3.0
   Compiling find-msvc-tools v0.1.9
   Compiling zerocopy v0.8.37
   Compiling equivalent v1.0.2
   Compiling memchr v2.7.6
   Compiling hashbrown v0.16.1
   Compiling smallvec v1.15.1
   Compiling autocfg v1.5.0
   Compiling bytes v1.11.0
   Compiling log v0.4.29
   Compiling portable-atomic v1.13.0
   Compiling generic-array v0.14.7
   Compiling rustversion v1.0.22
   Compiling pin-project-lite v0.2.16
   Compiling critical-section v1.2.0
   Compiling futures-core v0.3.31
   Compiling subtle v2.6.1
   Compiling futures-io v0.3.31
   Compiling scopeguard v1.2.0
   Compiling lock_api v0.4.14
   Compiling futures-sink v0.3.31
   Compiling parking_lot_core v0.9.12
   Compiling thiserror v1.0.69
   Compiling winnow v0.7.14
   Compiling indexmap v2.13.0
   Compiling const-oid v0.9.6
   Compiling slab v0.4.11
   Compiling syn v2.0.114
   Compiling cpufeatures v0.2.17
   Compiling futures-channel v0.3.31
   Compiling byteorder v1.5.0
   Compiling unicode-xid v0.2.6
   Compiling pin-utils v0.1.0
   Compiling toml_datetime v0.7.5+spec-1.1.0
   Compiling futures-task v0.3.31
   Compiling stable_deref_trait v1.2.1
   Compiling icu_normalizer_data v2.1.1
   Compiling icu_properties_data v2.1.2
   Compiling once_cell v1.21.3
   Compiling arrayvec v0.7.6
   Compiling anyhow v1.0.100
   Compiling radium v0.7.0
   Compiling getrandom v0.3.4
   Compiling const_format_proc_macros v0.2.34
   Compiling static_assertions v1.1.0
   Compiling jobserver v0.1.34
   Compiling writeable v0.6.2
   Compiling litemap v0.8.1
   Compiling tracing-core v0.1.36
   Compiling itoa v1.0.17
   Compiling libm v0.2.16
   Compiling cc v1.2.55
   Compiling num-traits v0.2.19
   Compiling percent-encoding v2.3.2
   Compiling utf8_iter v1.0.4
   Compiling pkg-config v0.3.32
   Compiling form_urlencoded v1.2.2
   Compiling crossbeam-utils v0.8.21
   Compiling arrayref v0.3.9
   Compiling aho-corasick v1.1.4
   Compiling regex-syntax v0.8.8
   Compiling getrandom v0.2.17
   Compiling errno v0.3.14
   Compiling num_cpus v1.17.0
   Compiling rand_core v0.6.4
   Compiling parking_lot v0.12.5
   Compiling toml_parser v1.0.6+spec-1.1.0
   Compiling tap v1.0.1
   Compiling semver v1.0.27
   Compiling wyz v0.5.1
   Compiling parity-scale-codec v3.7.5
   Compiling funty v2.0.0
   Compiling toml_edit v0.23.10+spec-1.0.0
   Compiling const_format v0.2.35
   Compiling byte-slice-cast v1.2.3
   Compiling zmij v1.0.17
   Compiling rustc_version v0.4.1
   Compiling ahash v0.8.12
   Compiling paste v1.0.15
   Compiling allocator-api2 v0.2.21
   Compiling crunchy v0.2.4
   Compiling prettyplease v0.2.37
   Compiling crypto-common v0.1.7
   Compiling block-buffer v0.10.4
   Compiling curve25519-dalek v4.1.3
   Compiling bitflags v2.10.0
   Compiling digest v0.10.7
   Compiling bitflags v1.3.2
   Compiling hex v0.4.3
   Compiling proc-macro-crate v3.4.0
   Compiling zstd-sys v2.0.16+zstd.1.5.7
   Compiling spin v0.9.8
   Compiling indexmap v1.9.3
   Compiling regex-automata v0.4.13
   Compiling keccak v0.1.5
   Compiling rustix v1.1.3
   Compiling foldhash v0.1.5
   Compiling integer-sqrt v0.1.5
   Compiling linux-raw-sys v0.11.0
   Compiling rustc-hex v2.1.0
   Compiling hashbrown v0.12.3
   Compiling hashbrown v0.15.5
   Compiling tinyvec_macros v0.1.1
   Compiling uint v0.10.0
   Compiling base64 v0.22.1
   Compiling constant_time_eq v0.4.2
   Compiling tinyvec v1.10.0
   Compiling io-lifetimes v1.0.11
   Compiling rlp v0.6.1
   Compiling lazy_static v1.5.0
   Compiling fs-err v2.11.0
   Compiling termcolor v1.4.1
   Compiling impl-rlp v0.4.0
   Compiling serde_json v1.0.149
   Compiling fallible-iterator v0.2.0
   Compiling target-lexicon v0.12.16
   Compiling blake2b_simd v1.0.4
   Compiling impl-num-traits v0.2.0
   Compiling ppv-lite86 v0.2.21
   Compiling slice-group-by v0.3.1
   Compiling crc32fast v1.5.0
   Compiling cranelift-isle v0.95.1
   Compiling synstructure v0.13.2
   Compiling hashbrown v0.13.2
   Compiling cranelift-codegen-shared v0.95.1
   Compiling rand_chacha v0.3.1
   Compiling cranelift-codegen-meta v0.95.1
   Compiling opaque-debug v0.3.1
   Compiling rand v0.8.5
   Compiling powerfmt v0.2.0
   Compiling time-core v0.1.8
   Compiling num-conv v0.2.0
   Compiling expander v2.2.1
   Compiling deranged v0.5.5
   Compiling blake2 v0.10.6
   Compiling time-macros v0.2.26
   Compiling crossbeam-epoch v0.9.18
   Compiling file-guard v0.2.0
   Compiling regex v1.12.2
   Compiling fixed-hash v0.8.0
   Compiling fxhash v0.2.1
   Compiling regalloc2 v0.6.1
   Compiling object v0.37.3
   Compiling rustix v0.36.17
   Compiling bumpalo v3.19.1
   Compiling Inflector v0.11.4
   Compiling digest v0.9.0
   Compiling serde_derive v1.0.228
   Compiling zeroize_derive v1.4.3
   Compiling zerofrom-derive v0.1.6
   Compiling thiserror-impl v1.0.69
   Compiling yoke-derive v0.8.1
   Compiling displaydoc v0.2.5
   Compiling zerovec-derive v0.11.2
   Compiling futures-macro v0.3.31
   Compiling zeroize v1.8.2
   Compiling tracing-attributes v0.1.31
   Compiling impl-trait-for-tuples v0.2.3
   Compiling parity-scale-codec-derive v3.7.5
   Compiling derive_more-impl v1.0.0
   Compiling futures-util v0.3.31
   Compiling zerofrom v0.1.6
   Compiling yoke v0.8.1
   Compiling scale-info-derive v2.11.6
   Compiling curve25519-dalek-derive v0.1.1
   Compiling zerovec v0.11.5
   Compiling zerotrie v0.2.3
   Compiling tracing v0.1.44
   Compiling sha2 v0.10.9
   Compiling signature v2.2.0
   Compiling hmac v0.12.1
   Compiling tinystr v0.8.2
   Compiling potential_utf v0.1.4
   Compiling bs58 v0.5.1
   Compiling ed25519 v2.2.3
   Compiling sha3 v0.10.8
   Compiling icu_collections v2.1.1
   Compiling icu_locale_core v2.1.1
   Compiling twox-hash v1.6.3
   Compiling cranelift-codegen v0.95.1
   Compiling time v0.3.46
   Compiling der v0.7.10
   Compiling derive_more v1.0.0
   Compiling rustc-demangle v0.1.27
   Compiling icu_provider v2.1.1
   Compiling bitvec v1.0.1
   Compiling either v1.15.0
   Compiling icu_normalizer v2.1.1
   Compiling icu_properties v2.1.2
   Compiling impl-serde v0.5.0
   Compiling futures-executor v0.3.31
   Compiling cranelift-entity v0.95.1
   Compiling gimli v0.27.3
   Compiling futures v0.3.31
   Compiling cranelift-bforest v0.95.1
   Compiling object v0.30.4
   Compiling idna_adapter v1.2.1
   Compiling idna v1.1.0
   Compiling ed25519-dalek v2.2.0
   Compiling url v2.5.8
   Compiling linux-raw-sys v0.1.4
   Compiling sp-crypto-hashing v0.1.0
   Compiling block-buffer v0.9.0
   Compiling libsecp256k1-core v0.3.0
   Compiling memoffset v0.8.0
   Compiling humantime v2.3.0
   Compiling zstd-safe v5.0.2+zstd.1.5.2
   Compiling base16ct v0.2.0
   Compiling serdect v0.2.0
   Compiling wasmparser v0.102.0
   Compiling itertools v0.10.5
   Compiling spki v0.7.3
   Compiling merlin v3.0.0
   Compiling wasmtime-runtime v8.0.1
   Compiling ff v0.13.1
   Compiling is-terminal v0.4.17
   Compiling base64ct v1.8.3
   Compiling rayon-core v1.13.0
   Compiling base64 v0.21.7
   Compiling cpp_demangle v0.3.5
   Compiling password-hash v0.5.0
   Compiling env_logger v0.10.2
   Compiling group v0.13.0
   Compiling pkcs8 v0.10.2
   Compiling libsecp256k1-gen-ecmult v0.3.0
   Compiling libsecp256k1-gen-genmult v0.3.0
   Compiling sec1 v0.7.3
   Compiling bincode v1.3.3
   Compiling scale-info v2.11.6
   Compiling impl-codec v0.7.1
   Compiling memfd v0.6.5
   Compiling crypto-mac v0.8.0
   Compiling crypto-bigint v0.5.5
   Compiling crossbeam-deque v0.8.6
   Compiling unicode-normalization v0.1.22
   Compiling dirs-sys-next v0.1.2
   Compiling wasmtime-asm-macros v8.0.1
   Compiling wasmtime-cache v8.0.1
   Compiling ref-cast v1.0.25
   Compiling directories-next v2.0.0
   Compiling wasmtime-jit-debug v8.0.1
   Compiling hmac v0.8.1
   Compiling addr2line v0.19.0
   Compiling libsecp256k1 v0.7.2
   Compiling file-per-thread-logger v0.1.6
   Compiling pbkdf2 v0.12.2
   Compiling sha2 v0.9.9
   Compiling toml v0.5.11
   Compiling rfc6979 v0.4.0
   Compiling primitive-types v0.13.1
   Compiling ref-cast-impl v1.0.25
   Compiling sp-debug-derive v14.0.0
   Compiling ar_archive_writer v0.5.1
   Compiling elliptic-curve v0.13.8
   Compiling wasmtime-jit-icache-coherence v8.0.1
   Compiling hash-db v0.16.0
   Compiling wasmtime v8.0.1
   Compiling wasmtime-types v8.0.1
   Compiling bitcoin-internals v0.2.0
   Compiling ecdsa v0.16.9
   Compiling rayon v1.11.0
   Compiling psm v0.1.29
   Compiling wasmtime-environ v8.0.1
   Compiling hmac-drbg v0.3.0
   Compiling matchers v0.2.0
   Compiling derive-syn-parse v0.2.0
   Compiling getrandom_or_panic v0.0.3
   Compiling sharded-slab v0.1.7
   Compiling secp256k1-sys v0.9.2
   Compiling serde_bytes v0.11.19
   Compiling tracing-log v0.2.0
   Compiling thread_local v1.1.9
   Compiling nu-ansi-term v0.50.3
   Compiling schnorrkel v0.11.5
   Compiling tracing-subscriber v0.3.22
   Compiling k256 v0.13.4
   Compiling wasmtime-jit v8.0.1
   Compiling sp-storage v22.0.0
   Compiling itertools v0.11.0
   Compiling ss58-registry v1.51.0
   Compiling serde_spanned v0.6.9
   Compiling toml_datetime v0.6.11
   Compiling ed25519-zebra v4.1.0
   Compiling dyn-clonable-impl v0.9.2
   Compiling environmental v1.1.4
   Compiling hex-conservative v0.1.2
   Compiling dyn-clone v1.0.20
   Compiling toml_write v0.1.2
   Compiling dyn-clonable v0.9.2
   Compiling sp-externalities v0.30.0
   Compiling toml_edit v0.22.27
   Compiling bitcoin_hashes v0.13.0
   Compiling sp-tracing v17.1.0
   Compiling bounded-collections v0.2.4
   Compiling sp-runtime-interface-proc-macro v18.0.0
   Compiling num-format v0.4.4
   Compiling sp-std v14.0.0
   Compiling cranelift-frontend v0.95.1
   Compiling cranelift-native v0.95.1
   Compiling same-file v1.0.6
   Compiling cranelift-wasm v0.95.1
   Compiling wasmtime-cranelift-shared v8.0.1
   Compiling parity-bip39 v2.0.1
   Compiling wasmtime-cranelift v8.0.1
   Compiling toml v0.8.23
   Compiling walkdir v2.5.0
   Compiling substrate-bip39 v0.6.0
   Compiling secrecy v0.8.0
   Compiling hash256-std-hasher v0.15.2
   Compiling array-bytes v6.2.3
   Compiling common-path v1.0.0
   Compiling nohash-hasher v0.2.0
   Compiling gimli v0.32.3
   Compiling adler2 v2.0.1
   Compiling docify_macros v0.2.9
   Compiling miniz_oxide v0.8.9
   Compiling trie-db v0.30.0
   Compiling memory-db v0.32.0
   Compiling trie-root v0.18.0
   Compiling schnellru v0.2.4
   Compiling sp-io v40.0.1
   Compiling docify v0.2.9
   Compiling sp-arithmetic v26.1.0
   Compiling binary-merkle-tree v16.1.0
   Compiling simple-mermaid v0.1.1
   Compiling tuplex v0.1.2
   Compiling addr2line v0.25.1
   Compiling sp-weights v31.1.0
   Compiling secp256k1 v0.28.2
   Compiling async-trait v0.1.89
   Compiling parity-wasm v0.45.0
   Compiling proc-macro-warning v1.84.1
   Compiling frame-metadata v20.0.0
   Compiling sp-version-proc-macro v15.0.0
   Compiling sp-api-proc-macro v22.0.1
   Compiling syn v1.0.109
   Compiling proc-macro-error-attr v1.0.4
   Compiling proc-macro-error v1.0.4
   Compiling heck v0.5.0
   Compiling backtrace v0.3.76
   Compiling sp-metadata-ir v0.10.0
   Compiling wasm-bindgen-shared v0.2.108
   Compiling signal-hook-registry v1.4.8
   Compiling wasm-bindgen v0.2.108
   Compiling sp-panic-handler v13.0.2
   Compiling wasm-bindgen-macro-support v0.2.108
   Compiling sp-crypto-hashing-proc-macro v0.1.0
   Compiling tokio-macros v2.6.0
   Compiling mio v1.1.1
   Compiling socket2 v0.6.2
   Compiling send_wrapper v0.4.0
   Compiling thiserror v2.0.18
   Compiling tokio v1.49.0
   Compiling num-integer v0.1.46
   Compiling thiserror-impl v2.0.18
   Compiling num-bigint v0.4.6
   Compiling pin-project-internal v1.1.10
   Compiling fnv v1.0.7
   Compiling http v1.4.0
   Compiling data-encoding v2.10.0
   Compiling httparse v1.10.1
   Compiling pin-project v1.1.10
   Compiling ring v0.17.14
   Compiling concurrent-queue v2.5.0
   Compiling wasm-bindgen-macro v0.2.108
   Compiling core2 v0.4.0
   Compiling zstd-safe v6.0.6
   Compiling match-lookup v0.1.2
   Compiling const-str v0.4.3
   Compiling asynchronous-codec v0.6.2
   Compiling data-encoding-macro-internal v0.1.17
   Compiling js-sys v0.3.85
   Compiling base256emoji v1.0.2
   Compiling base-x v0.2.11
   Compiling data-encoding-macro v0.1.19
   Compiling tiny-keccak v2.0.2
   Compiling untrusted v0.9.0
   Compiling multibase v0.9.2
   Compiling unsigned-varint v0.7.2
   Compiling atomic-waker v1.1.2
   Compiling hkdf v0.12.4
   Compiling rustls-pki-types v1.14.0
   Compiling http-body v1.0.1
   Compiling quick-protobuf v0.8.1
   Compiling rustls v0.23.36
   Compiling web-time v1.1.0
   Compiling multistream-select v0.13.0
   Compiling rw-stream-sink v0.4.0
   Compiling void v1.0.2
   Compiling const-random-macro v0.1.16
   Compiling http-body-util v0.1.3
   Compiling try-lock v0.2.5
   Compiling tower-service v0.3.3
   Compiling event-listener v2.5.3
   Compiling fastrand v2.3.0
   Compiling const-random v0.1.18
   Compiling want v0.3.1
   Compiling itertools v0.14.0
   Compiling sha1 v0.10.6
   Compiling macro_magic_core_macros v0.5.1
   Compiling polkavm-assembler v0.18.0
   Compiling httpdate v1.0.3
   Compiling macro_magic_core v0.5.1
   Compiling frame-support-procedural-tools-derive v12.0.0
   Compiling rand_core v0.9.5
   Compiling include_dir_macros v0.7.4
   Compiling kvdb v0.13.0
   Compiling fixedbitset v0.5.7
   Compiling ipnet v2.11.0
   Compiling polkavm-linux-raw v0.18.0
   Compiling macro_magic_macros v0.5.1
   Compiling polkavm-common v0.18.0
   Compiling include_dir v0.7.4
   Compiling petgraph v0.7.1
   Compiling frame-support-procedural-tools v13.0.1
   Compiling rand_chacha v0.9.0
   Compiling tokio-util v0.7.18
   Compiling macro_magic v0.5.1
   Compiling cfg-expr v0.15.8
   Compiling libp2p-swarm-derive v0.35.0
   Compiling wasm-instrument v0.4.0
   Compiling tempfile v3.24.0
   Compiling prost-derive v0.13.5
   Compiling lru v0.12.5
   Compiling unsigned-varint v0.8.0
   Compiling h2 v0.4.13
   Compiling tokio-stream v0.1.18
   Compiling openssl-probe v0.2.1
   Compiling multihash v0.19.3
   Compiling multimap v0.10.1
   Compiling prometheus v0.13.4
   Compiling libp2p-identity v0.2.13
   Compiling rustls-native-certs v0.8.3
   Compiling frame-support-procedural v33.0.1
   Compiling rand v0.9.2
   Compiling gloo-timers v0.2.6
   Compiling futures-timer v3.0.3
   Compiling multiaddr v0.18.2
   Compiling aquamarine v0.5.0
   Compiling prost v0.13.5
   Compiling libp2p-core v0.42.0
   Compiling polkavm v0.18.0
   Compiling prost-types v0.13.5
   Compiling enum-as-inner v0.6.1
   Compiling sc-executor-wasmtime v0.38.0
   Compiling convert_case v0.4.0
   Compiling tt-call v1.0.9
   Compiling sp-database v10.0.1
   Compiling async-channel v1.9.0
   Compiling derive_more v0.99.20
   Compiling x25519-dalek v2.0.1
   Compiling socket2 v0.5.10
   Compiling minimal-lexical v0.2.1
   Compiling libp2p-swarm v0.45.1
   Compiling prost-build v0.13.5
   Compiling nom v7.1.3
   Compiling zstd v0.11.2+zstd.1.5.2
   Compiling soketto v0.8.1
   Compiling zstd v0.12.4
   Compiling asynchronous-codec v0.7.0
   Compiling sp-maybe-compressed-blob v11.1.0
   Compiling snow v0.9.6
   Compiling resolv-conf v0.7.6
   Compiling hyper v1.8.1
   Compiling sc-utils v18.0.1
   Compiling futures-bounded v0.2.4
   Compiling netlink-packet-utils v0.5.2
   Compiling blake3 v1.8.3
   Compiling anstyle v1.0.13
   Compiling netlink-packet-core v0.7.0
   Compiling quick-protobuf-codec v0.3.1
   Compiling yamux v0.13.8
   Compiling linked-hash-map v0.5.6
   Compiling rusticata-macros v4.1.0
   Compiling netlink-sys v0.8.8
   Compiling synstructure v0.12.6
   Compiling hyper-util v0.1.19
   Compiling asn1-rs-impl v0.2.0
   Compiling proc-macro-crate v1.1.3
   Compiling asn1-rs-derive v0.6.0
   Compiling uint v0.9.5
   Compiling netlink-proto v0.11.5
   Compiling libp2p-kad v0.46.2
   Compiling netlink-packet-route v0.17.1
   Compiling blake2s_simd v1.0.4
   Compiling multihash-derive v0.8.1
   Compiling nix v0.26.4
   Compiling asn1-rs v0.7.1
   Compiling oid-registry v0.8.1
   Compiling rustls-webpki v0.103.9
   Compiling sp-wasm-interface v21.0.1
   Compiling substrate-prometheus-endpoint v0.17.7
   Compiling predicates-core v1.0.9
   Compiling sp-runtime-interface v29.0.1
   Compiling mockall_derive v0.13.1
   Compiling sp-core v36.1.0
   Compiling rtnetlink v0.13.1
   Compiling multihash v0.17.0
   Compiling hickory-proto v0.24.4
   Compiling network-interface v2.0.5
   Compiling crossbeam-channel v0.5.15
   Compiling uuid v1.20.0
   Compiling tagptr v0.2.0
   Compiling parking_lot_core v0.8.6
   Compiling utf-8 v0.7.6
   Compiling termtree v0.5.1
   Compiling predicates-tree v1.0.12
   Compiling moka v0.12.13
   Compiling sp-trie v39.1.0
   Compiling sp-keystore v0.42.0
   Compiling sc-allocator v31.0.0
   Compiling predicates v3.1.3
   Compiling sc-executor-common v0.38.0
   Compiling der-parser v10.0.0
   Compiling sp-state-machine v0.45.0
   Compiling sc-executor-polkavm v0.35.0
   Compiling lru-cache v0.1.2
   Compiling tokio-rustls v0.26.4
   Compiling tungstenite v0.26.2
   Compiling litep2p v0.9.5
   Compiling hickory-proto v0.25.2
   Compiling instant v0.1.13
   Compiling downcast v0.11.0
   Compiling fragile v2.0.1
   Compiling hickory-resolver v0.24.4
   Compiling futures-rustls v0.26.0
   Compiling mockall v0.13.1
   Compiling tokio-tungstenite v0.26.2
   Compiling x509-parser v0.17.0
   Compiling multiaddr v0.17.1
   Compiling if-watch v3.2.1
   Compiling cid v0.11.1
   Compiling yamux v0.12.1
   Compiling simple-dns v0.9.3
   Compiling hex-literal v0.4.1
   Compiling yasna v0.5.2
   Compiling webpki-roots v0.25.4
   Compiling libp2p-dns v0.42.0
   Compiling libp2p-websocket v0.44.0
   Compiling libp2p-yamux v0.46.0
   Compiling libp2p-tcp v0.42.0
   Compiling libp2p-mdns v0.46.0
   Compiling parking_lot v0.11.2
   Compiling hickory-resolver v0.25.2
   Compiling libp2p-noise v0.45.0
   Compiling libp2p-identify v0.45.0
   Compiling sp-application-crypto v40.1.0
   Compiling sp-runtime v41.1.0
   Compiling libp2p-request-response v0.27.0
   Compiling libp2p-connection-limits v0.4.0
   Compiling libp2p-ping v0.45.0
   Compiling libp2p-allow-block-list v0.4.0
   Compiling hashbrown v0.14.5
   Compiling libp2p v0.54.1
   Compiling wasm-timer v0.2.5
   Compiling itertools v0.12.1
   Compiling sc-network v0.50.1
   Compiling cid v0.9.0
   Compiling linked_hash_set v0.1.6
   Compiling partial_sort v0.2.0
   Compiling ip_network v0.4.1
   Compiling finality-grandpa v0.16.3
   Compiling iana-time-zone v0.1.65
   Compiling chrono v0.4.43
   Compiling strum_macros v0.26.4
   Compiling jsonrpsee-types v0.24.10
   Compiling prost-derive v0.12.6
   Compiling rustc-hash v2.1.1
   Compiling tower-layer v0.3.3
   Compiling jsonrpsee-core v0.24.10
   Compiling sc-telemetry v28.1.0
   Compiling utf8parse v0.2.2
   Compiling anstyle-parse v0.2.7
   Compiling hyper-rustls v0.27.7
   Compiling anstyle-query v1.1.5
   Compiling sp-version v39.0.0
   Compiling sp-inherents v36.0.0
   Compiling sp-api v36.0.1
   Compiling sp-staking v38.0.0
   Compiling sp-genesis-builder v0.17.0
   Compiling sc-executor v0.42.0
   Compiling polkadot-core-primitives v17.1.0
   Compiling prost v0.12.6
   Compiling polkadot-parachain-primitives v16.1.0
   Compiling sc-network-common v0.48.0
   Compiling sp-authority-discovery v36.0.0
   Compiling sp-session v38.1.0
   Compiling sp-consensus-grandpa v23.1.0
   Compiling sp-timestamp v36.0.0
   Compiling sp-consensus v0.42.0
   Compiling frame-support v40.1.0
   Compiling sp-blockchain v39.0.0
   Compiling sp-consensus-slots v0.42.1
   Compiling is_terminal_polyfill v1.70.2
   Compiling colorchoice v1.0.4
   Compiling anstream v0.6.21
   Compiling strum v0.26.3
   Compiling polkadot-primitives v18.2.0
   Compiling sp-consensus-babe v0.42.1
   Compiling tower v0.4.13
   Compiling sc-transaction-pool-api v39.0.0
   Compiling terminal_size v0.4.3
   Compiling strsim v0.11.1
   Compiling clap_lex v0.7.7
   Compiling clap_derive v4.5.55
   Compiling route-recognizer v0.3.1
   Compiling sp-block-builder v36.0.0
   Compiling sc-client-api v39.0.0
   Compiling jsonrpsee-proc-macros v0.24.10
   Compiling clap_builder v4.5.56
   Compiling jsonrpsee-server v0.24.10
   Compiling generic-array v0.12.4
   Compiling jsonrpsee-wasm-client v0.24.10
   Compiling rustc-hash v1.1.0
   Compiling sc-chain-spec-derive v12.0.0
   Compiling memmap2 v0.9.9
   Compiling subtle v1.0.0
   Compiling crypto-mac v0.7.0
   Compiling digest v0.8.1
   Compiling opaque-debug v0.2.3
   Compiling keystream v1.0.0
   Compiling byte-tools v0.3.1
   Compiling fork-tree v13.0.1
   Compiling chacha v0.3.0
   Compiling blake2 v0.8.1
   Compiling cipher v0.2.5
   Compiling lioness v0.1.2
   Compiling sp-rpc v34.0.0
   Compiling c2-chacha v0.3.3
   Compiling hashlink v0.8.4
   Compiling inout v0.1.4
   Compiling rand_distr v0.4.3
   Compiling sp-mixnet v0.14.0
   Compiling universal-hash v0.5.1
   Compiling cipher v0.4.4
   Compiling sc-network-sync v0.49.0
   Compiling unicode-width v0.2.2
   Compiling sc-block-builder v0.44.0
   Compiling sc-network-types v0.16.0
   Compiling mixnet v0.7.0
   Compiling sp-keyring v41.0.0
   Compiling sp-offchain v36.0.0
   Compiling cfg_aliases v0.2.1
   Compiling glob v0.3.3
   Compiling console v0.15.11
   Compiling polyval v0.6.2
   Compiling sc-consensus v0.49.0
   Compiling clang-sys v1.8.1
   Compiling clap v4.5.56
   Compiling tikv-jemalloc-sys v0.5.4+5.3.0-patched
   Compiling ghash v0.5.1
   Compiling ctr v0.9.2
   Compiling aes v0.8.4
   Compiling aead v0.5.2
   Compiling libloading v0.8.9
   Compiling bindgen v0.65.1
   Compiling num-rational v0.4.2
   Compiling peeking_take_while v0.1.2
   Compiling lazycell v1.3.0
   Compiling sp-transaction-pool v36.0.0
   Compiling sc-keystore v35.0.0
   Compiling sc-tracing-proc-macro v11.1.0
   Compiling lz4-sys v1.11.1+lz4-1.10.0
   Compiling rustls-platform-verifier v0.5.3
   Compiling aes-gcm v0.10.3
   Compiling cexpr v0.6.0
   Compiling cfg_aliases v0.1.1
   Compiling sc-tracing v39.0.0
   Compiling static_init_macro v1.0.4
   Compiling sp-statement-store v20.1.0
   Compiling option-ext v0.2.0
   Compiling snap v1.1.1
   Compiling siphasher v0.3.11
   Compiling dirs-sys v0.4.1
   Compiling jsonrpsee-client-transport v0.24.10
   Compiling jsonrpsee-http-client v0.24.10
   Compiling static_init v1.0.4
   Compiling jsonrpsee-ws-client v0.24.10
   Compiling jsonrpsee v0.24.10
   Compiling derive-where v1.6.0
   Compiling raw-cpuid v11.6.0
   Compiling crossbeam-queue v0.3.12
   Compiling fs2 v0.4.3
   Compiling memmap2 v0.5.10
   Compiling coarsetime v0.1.37
   Compiling dashmap v5.5.3
   Compiling sc-network-light v0.49.0
   Compiling spinning_top v0.3.0
   Compiling sc-sysinfo v42.0.0
   Compiling nonempty v0.7.0
   Compiling nonzero_ext v0.3.0
   Compiling no-std-compat v0.4.1
   Compiling quanta v0.12.6
   Compiling forwarded-header-value v0.1.1
   Compiling sc-transaction-pool v39.0.0
   Compiling tower-http v0.5.2
   Compiling governor v0.6.3
   Compiling sc-state-db v0.38.0
   Compiling kvdb-memorydb v0.13.0
   Compiling rand_pcg v0.3.1
   Compiling sc-chain-spec v43.0.0
   Compiling sc-mixnet v0.20.0
   Compiling names v0.14.0
   Compiling directories v5.0.1
   Compiling sc-rpc-api v0.49.0
   Compiling sp-transaction-storage-proof v36.1.0
   Compiling tracing-futures v0.2.5
   Compiling exit-future v0.2.0
   Compiling xcm-procedural v11.0.2
   Compiling librocksdb-sys v0.11.0+8.1.1
   Compiling tracing-gum-proc-macro v5.0.0
   Compiling rtoolbox v0.0.3
   Compiling rpassword v7.4.0
   Compiling tracing-gum v19.0.0
   Compiling fdlimit v0.3.0
   Compiling bounded-vec v0.7.1
   Compiling sc-authority-discovery v0.50.0
   Compiling fixedbitset v0.4.2
   Compiling sc-rpc v45.0.0
   Compiling sc-rpc-server v22.0.0
   Compiling polkadot-node-primitives v19.1.0
   Compiling nanorand v0.7.0
   Compiling bytemuck v1.24.0
   Compiling orchestra-proc-macro v0.4.1
   Compiling lz4 v1.28.1
   Compiling prioritized-metered-channel v0.6.1
   Compiling parity-db v0.4.13
   Compiling safe_arch v0.7.4
   Compiling petgraph v0.6.5
   Compiling fatality-proc-macro v0.1.1
   Compiling sc-informant v0.49.0
   Compiling sc-network-transactions v0.49.0
   Compiling sc-rpc-spec-v2 v0.50.0
   Compiling matrixmultiply v0.3.10
   Compiling fatality v0.1.1
   Compiling wide v0.7.33
   Compiling approx v0.5.1
   Compiling num-complex v0.4.6
   Compiling rawpointer v0.2.1
   Compiling polkadot-statement-table v19.0.0
   Compiling ident_case v1.0.1
   Compiling polkadot-node-network-protocol v23.1.0
   Compiling darling_core v0.20.11
   Compiling reed-solomon-novelpoly v2.0.0
   Compiling scale-type-resolver v0.2.0
   Compiling scale-bits v0.6.0
   Compiling sp-npos-elections v36.2.0
   Compiling simba v0.9.1
   Compiling frame-election-provider-solution-type v16.1.1
   Compiling proc-macro-error-attr2 v2.0.0
   Compiling frame-system v40.2.0
   Compiling staging-xcm v16.2.0
   Compiling proc-macro-error2 v2.0.1
   Compiling hex-conservative v0.2.2
   Compiling bitcoin_hashes v0.14.1
   Compiling frame-metadata v17.0.0
   Compiling polkadot-erasure-coding v19.0.0
   Compiling orchestra v0.4.1
   Compiling darling_macro v0.20.11
   Compiling polkadot-node-subsystem-types v23.0.0
   Compiling darling v0.20.11
   Compiling enumflags2_derive v0.7.12
   Compiling scale-decode-derive v0.14.0
   Compiling pallet-transaction-payment v40.0.0
   Compiling pallet-timestamp v39.0.0
   Compiling pallet-authorship v40.0.0
   Compiling frame-election-provider-support v40.1.1
   Compiling pallet-session v40.0.1
   Compiling scale-decode v0.14.0
   Compiling pallet-balances v41.1.1
   Compiling scale-encode-derive v0.8.0
   Compiling parking v2.2.1
   Compiling enumflags2 v0.7.12
   Compiling pallet-asset-conversion v22.0.0
   Compiling bip39 v2.2.2
   Compiling polkadot-sdk v0.7.0
   Compiling scale-encode v0.8.0
   Compiling secp256k1-sys v0.10.1
   Compiling link-cplusplus v1.0.12
   Compiling yap v0.11.0
   Compiling base58 v0.2.0
   Compiling pallet-broker v0.19.2
   Compiling pallet-message-queue v43.1.0
   Compiling keccak-hash v0.11.0
   Compiling polkadot-runtime-metrics v20.0.0
   Compiling sp-consensus-aura v0.42.0
   Compiling frame-decode v0.5.1
   Compiling scale-value v0.17.0
   Compiling ripemd v0.1.3
   Compiling nalgebra v0.33.2
   Compiling subxt-metadata v0.38.1
   Compiling bip32 v0.5.3
   Compiling subxt-core v0.38.1
   Compiling secrecy v0.10.3
   Compiling sc-consensus-slots v0.49.0
   Compiling vcpkg v0.2.15
   Compiling cxxbridge-flags v1.0.194
   Compiling scratch v1.0.9
   Compiling cxx v1.0.194
   Compiling unicode-segmentation v1.12.0
   Compiling codespan-reporting v0.13.1
   Compiling tikv-jemalloc-ctl v0.5.4
   Compiling convert_case v0.10.0
   Compiling const-hex v1.17.0
   Compiling macro-string v0.1.4
   Compiling syn-solidity v0.8.26
   Compiling dunce v1.0.5
   Compiling derive_more-impl v2.1.1
   Compiling cxx-build v1.0.194
   Compiling sc-consensus-epochs v0.49.0
   Compiling pallet-staking v40.1.1
   Compiling pallet-authority-discovery v40.0.0
   Compiling pallet-babe v40.0.0
   Compiling cumulus-primitives-proof-size-hostfunction v0.12.0
   Compiling ruint-macro v1.2.1
   Compiling sc-consensus-babe v0.50.0
   Compiling ruint v1.17.2
   Compiling alloy-sol-macro-input v0.8.26
   Compiling alloy-sol-macro-expander v0.8.26
   Compiling event-listener v5.4.1
   Compiling bp-runtime v0.20.1
   Compiling cumulus-primitives-core v0.18.1
   Compiling secp256k1 v0.30.0
   Compiling wasm-opt-sys v0.116.0
   Compiling ethbloom v0.14.1
   Compiling subxt-signer v0.38.1
   Compiling polkadot-ckb-merkle-mountain-range v0.8.1
   Compiling cumulus-primitives-parachain-inherent v0.18.1
   Compiling cumulus-test-relay-sproof-builder v0.19.0
   Compiling polkavm-assembler v0.21.0
   Compiling derive_more v2.1.1
   Compiling alloy-primitives v0.8.26
   Compiling sp-mmr-primitives v36.1.0
   Compiling bp-header-chain v0.20.1
   Compiling polkavm-common v0.21.0
   Compiling ethereum-types v0.15.1
   Compiling alloy-sol-macro v0.8.26
   Compiling alloy-sol-types v0.8.26
   Compiling sc-network-gossip v0.50.0
   Compiling nix v0.29.0
   Compiling pallet-revive-proc-macro v0.3.0
   Compiling futures-lite v2.6.1
   Compiling polkavm-linux-raw v0.21.0
   Compiling rustix v0.38.44
   Compiling linregress v0.5.4
   Compiling ethabi-decode v2.0.0
   Compiling bp-messages v0.20.1
   Compiling pallet-revive-uapi v0.4.0
   Compiling frame-benchmarking v40.2.1
   Compiling frame-system-rpc-runtime-api v36.0.0
   Compiling polkavm v0.21.0
   Compiling humantime-serde v1.1.1
   Compiling cxxbridge-macro v1.0.194
   Compiling substrate-bn v0.6.0
   Compiling ucd-trie v0.1.7
   Compiling staging-xcm-executor v19.1.3
   Compiling fastrand v1.9.0
   Compiling linux-raw-sys v0.4.15
   Compiling downcast-rs v1.2.1
   Compiling waker-fn v1.2.0
   Compiling futures-lite v1.13.0
   Compiling pest v2.8.5
   Compiling sp-consensus-beefy v24.1.0
   Compiling scale-typegen v0.9.0
   Compiling landlock v0.3.1
   Compiling async-lock v2.8.0
   Compiling enumn v0.1.14
   Compiling cpu-time v1.0.0
   Compiling seccompiler v0.4.0
   Compiling polling v2.8.0
   Compiling indexmap-nostd v0.4.0
   Compiling rustix v0.37.28
   Compiling wasmparser-nostd v0.100.2
   Compiling polkadot-node-core-pvf-common v19.0.0
   Compiling slot-range-helper v17.0.0
   Compiling subxt-codegen v0.38.1
   Compiling pest_meta v2.8.5
   Compiling pallet-fast-unstake v39.0.0
   Compiling sc-consensus-grandpa v0.35.0
   Compiling subxt-utils-fetchmetadata v0.38.1
   Compiling wasm-opt-cxx-sys v0.116.0
   Compiling event-listener-strategy v0.5.4
   Compiling libsqlite3-sys v0.30.1
   Compiling pallet-treasury v39.0.0
   Compiling pallet-identity v40.1.0
   Compiling pallet-election-provider-multi-phase v39.2.0
   Compiling pallet-vesting v40.1.0
   Compiling pallet-staking-reward-fn v22.0.1
   Compiling async-io v2.6.0
   Compiling async-io v1.13.0
   Compiling slotmap v1.1.1
   Compiling object v0.36.7
   Compiling linux-raw-sys v0.3.8
   Compiling heck v0.4.1
   Compiling camino v1.2.2
   Compiling async-task v4.7.1
   Compiling strum_macros v0.24.3
   Compiling alloy-core v0.8.26
   Compiling subxt-macro v0.38.1
   Compiling pest_generator v2.8.5
   Compiling async-channel v2.5.0
   Compiling pallet-assets v42.0.0
   Compiling piper v0.2.4
   Compiling finito v0.1.0
   Compiling wasm-bindgen-futures v0.4.58
   Compiling polling v3.11.0
   Compiling socket2 v0.4.10
   Compiling arrayvec v0.4.12
   Compiling thiserror-core v1.0.50
   Compiling polkadot-node-core-pvf v23.0.0
   Compiling substrate-build-script-utils v11.0.0
   Compiling always-assert v0.1.3
   Compiling subxt v0.38.1
   Compiling blocking v1.6.2
   Compiling pest_derive v2.8.5
   Compiling sc-consensus-beefy v29.0.0
   Compiling libz-sys v1.1.23
   Compiling pallet-transaction-payment-rpc-runtime-api v40.0.0
   Compiling thiserror-core-impl v1.0.50
   Compiling threadpool v1.8.1
   Compiling async-fs v1.6.0
   Compiling subtle-ng v2.5.0
   Compiling frame-benchmarking-cli v48.0.0
   Compiling nodrop v0.1.14
   Compiling curve25519-dalek-ng v4.1.1
   Compiling sc-consensus-beefy-rpc v29.0.0
   Compiling sc-offchain v45.0.0
   Compiling comfy-table v7.2.2
   Compiling handlebars v5.1.2
   Compiling pallet-transaction-payment-rpc v43.0.0
   Compiling async-signal v0.2.13
   Compiling sc-consensus-grandpa-rpc v0.35.0
   Compiling sc-sync-state-rpc v0.50.0
   Compiling wasmi_core v0.13.0
   Compiling pallet-collator-selection v21.0.0
   Compiling bp-polkadot-core v0.20.1
   Compiling substrate-frame-rpc-system v44.0.0
   Compiling mmr-rpc v40.0.0
   Compiling staging-parachain-info v0.20.0
   Compiling sc-consensus-babe-rpc v0.50.0
   Compiling event-listener v3.1.0
   Compiling pallet-asset-tx-payment v40.0.0
   Compiling substrate-state-trie-migration-rpc v43.0.0
   Compiling sc-runtime-utilities v0.2.0
   Compiling sc-proposer-metrics v0.20.0
   Compiling sha-1 v0.9.8
   Compiling cumulus-pallet-parachain-system-proc-macro v0.6.0
   Compiling gethostname v0.2.3
   Compiling base64 v0.13.1
   Compiling wasmi_arena v0.4.1
   Compiling crc-catalog v2.4.0
   Compiling thousands v0.2.0
   Compiling constant_time_eq v0.1.5
   Compiling crc v3.4.0
   Compiling wasmi v0.31.2
   Compiling blake2-rfc v0.2.18
   Compiling soketto v0.7.1
   Compiling polkadot-rpc v24.0.0
   Compiling sc-basic-authorship v0.49.0
   Compiling async-process v1.8.1
   Compiling bp-parachains v0.20.0
   Compiling mmr-gadget v45.0.0
   Compiling futures-intrusive v0.5.0
   Compiling hashlink v0.10.0
   Compiling schnorrkel v0.10.2
   Compiling ruzstd v0.4.0
   Compiling async-net v1.8.0
   Compiling async-executor v1.13.3
   Compiling chacha20 v0.9.1
   Compiling poly1305 v0.8.0
   Compiling libgit2-sys v0.18.3+1.9.2
   Compiling ryu v1.0.22
   Compiling foldhash v0.2.0
   Compiling is_executable v1.0.5
   Compiling no-std-net v0.6.0
   Compiling atomic-take v1.1.0
   Compiling sqlx-core v0.8.6
   Compiling smoldot v0.11.0
   Compiling serde_urlencoded v0.7.1
   Compiling flume v0.11.1
   Compiling smol v1.3.0
   Compiling atoi v2.0.0
   Compiling polkadot-cli v24.0.0
   Compiling fs4 v0.7.0
   Compiling frame-try-runtime v0.46.0
   Compiling lru v0.11.1
   Compiling frame-executive v40.0.1
   Compiling sc-storage-monitor v0.24.0
   Compiling bp-test-utils v0.20.0
   Compiling strum v0.24.1
   Compiling pallet-bridge-messages v0.20.1
   Compiling bp-xcm-bridge-hub-router v0.17.0
   Compiling string-interner v0.17.0
   Compiling semver-parser v0.7.0
   Compiling dotenvy v0.15.7
   Compiling regalloc2 v0.9.3
   Compiling sqlx-sqlite v0.8.6
   Compiling semver v0.6.0
   Compiling wasmi_collections v0.32.3
   Compiling pallet-bridge-grandpa v0.20.0
   Compiling polkadot-sdk-frame v0.9.1
   Compiling dirs v5.0.1
   Compiling sqlx-macros-core v0.8.6
   Compiling wasmi_core v0.32.3
   Compiling bp-xcm-bridge-hub v0.6.1
   Compiling sc-consensus-aura v0.50.0
   Compiling pallet-utility v40.0.0
   Compiling gimli v0.31.1
   Compiling cargo-platform v0.1.9
   Compiling num-derive v0.4.2
   Compiling staging-chain-spec-builder v11.0.0
   Compiling pallet-contracts v40.1.0
   Compiling multi-stash v0.2.0
   Compiling bp-relayers v0.20.1
   Compiling wasmi v0.32.3
   Compiling cargo_metadata v0.15.4
   Compiling sqlx-macros v0.8.6
   Compiling pallet-bridge-parachains v0.20.0
   Compiling build-helper v0.1.1
   Compiling polkavm-linker v0.18.0
   Compiling cumulus-client-consensus-proposer v0.19.0
   Compiling cumulus-primitives-aura v0.17.0
   Compiling color-print-proc-macro v0.3.7
   Compiling pallet-contracts-uapi v14.0.0
   Compiling pallet-contracts-proc-macro v23.0.3
   Compiling filetime v0.2.27
   Compiling number_prefix v0.4.0
   Compiling maplit v1.0.2
   Compiling assert_matches v1.5.0
   Compiling sc-consensus-manual-seal v0.51.0
   Compiling spinners v4.1.1
   Compiling indicatif v0.17.11
   Compiling smoldot-light v0.9.0
   Compiling color-print v0.3.7
   Compiling pallet-bridge-relayers v0.20.0
   Compiling pallet-whitelist v39.0.0
   Compiling cumulus-primitives-storage-weight-reclaim v11.0.0
   Compiling tikv-jemallocator v0.5.4
   Compiling pallet-aura v39.0.0
   Compiling substrate-rpc-client v0.49.0
   Compiling sp-consensus-pow v0.42.0
   Compiling tokio-retry v0.3.0
   Compiling staging-tracking-allocator v2.0.0
   Compiling polkadot-node-core-pvf-prepare-worker v19.0.0
   Compiling sc-consensus-pow v0.49.0
   Compiling frame-remote-externalities v0.51.0
   Compiling cumulus-pallet-weight-reclaim v0.2.0
   Compiling polkadot-sdk v2503.2.0
   Compiling polkadot-node-core-pvf-execute-worker v19.0.0
   Compiling frame-system-benchmarking v40.0.1
   Compiling frame-benchmarking-pallet-pov v30.0.1
   Compiling cumulus-pallet-session-benchmarking v21.0.0
   Compiling generate-bags v40.0.0
   Compiling cumulus-pallet-xcm v0.19.1
   Compiling frame-metadata-hash-extension v0.8.0
   Compiling pallet-sudo v40.0.0
   Compiling substrate-frame-rpc-support v45.0.0
   Compiling sc-statement-store v21.0.0
   Compiling sc-network-statement v0.32.0
   Compiling sp-core-hashing-proc-macro v16.0.0
   Compiling sp-core-hashing v16.0.0
   Compiling sp-crypto-ec-utils v0.15.1
   Compiling parachain-template-node v0.1.0 (/home/ryc/content-rights-parachain/node)
   Compiling pallet-parachain-template v0.1.0 (/home/ryc/content-rights-parachain/pallets/template)
   Compiling git2 v0.20.3
   Compiling pallet-revive-eth-rpc v0.6.0
   Compiling staging-xcm-builder v20.1.1
   Compiling polkadot-runtime-parachains v19.2.1
   Compiling xcm-runtime-apis v0.7.1
   Compiling pallet-revive v0.6.2
   Compiling pallet-xcm-bridge-hub-router v0.18.0
   Compiling pallet-xcm-bridge-hub v0.16.3
   Compiling pallet-xcm v19.2.2
   Compiling polkadot-runtime-common v19.1.1
   Compiling cumulus-pallet-parachain-system v0.20.0
   Compiling xcm-simulator v20.1.0
   Compiling pallet-revive-mock-network v0.5.0
   Compiling cumulus-pallet-aura-ext v0.20.0
   Compiling pallet-contracts-mock-network v17.0.0
   Compiling cumulus-primitives-utility v0.20.0
   Compiling parachains-common v21.0.1
   Compiling cumulus-pallet-xcmp-queue v0.20.0
   Compiling xcm-emulator v0.19.3
   Compiling parachains-runtimes-test-utils v22.0.0
   Compiling asset-test-utils v23.0.1
   Compiling bridge-hub-test-utils v0.22.0
   Compiling emulated-integration-tests-common v21.1.0
   Compiling sqlx v0.8.6
   Compiling wasm-opt v0.116.1
   Compiling substrate-wasm-builder v26.0.1
   Compiling parachain-template-runtime v0.1.0 (/home/ryc/content-rights-parachain/runtime)
   Compiling rocksdb v0.21.0
   Compiling kvdb-rocksdb v0.19.0
   Compiling sc-client-db v0.46.0
   Compiling sc-service v0.51.0
   Compiling sc-cli v0.52.0
   Compiling polkadot-node-metrics v23.0.0
   Compiling cumulus-client-cli v0.23.0
   Compiling staging-node-inspect v0.28.0
   Compiling subkey v25.0.0
   Compiling polkadot-overseer v23.0.0
⚡ Found 3 strongly connected components which includes at least one cycle each
cycle(001) ∈ α: DisputeCoordinator ~~{"DisputeDistributionMessage"}~~> DisputeDistribution ~~{"DisputeCoordinatorMessage"}~~>  *
cycle(002) ∈ β: CandidateBacking ~~{"CollatorProtocolMessage"}~~> CollatorProtocol ~~{"CandidateBackingMessage"}~~>  *
cycle(003) ∈ γ: NetworkBridgeRx ~~{"GossipSupportMessage"}~~> GossipSupport ~~{"NetworkBridgeRxMessage"}~~>  *
   Compiling polkadot-node-subsystem v23.0.0
   Compiling cumulus-relay-chain-interface v0.23.0
   Compiling polkadot-node-subsystem-util v23.0.0
   Compiling polkadot-node-core-chain-api v23.0.0
   Compiling polkadot-node-core-parachains-inherent v23.0.0
   Compiling polkadot-network-bridge v23.0.0
   Compiling polkadot-node-core-runtime-api v23.0.0
   Compiling cumulus-client-parachain-inherent v0.17.0
   Compiling cumulus-client-pov-recovery v0.23.0
   Compiling cumulus-client-network v0.23.0
   Compiling cumulus-relay-chain-rpc-interface v0.23.0
   Compiling polkadot-approval-distribution v23.0.1
   Compiling polkadot-node-core-approval-voting v23.0.0
   Compiling polkadot-statement-distribution v23.0.0
   Compiling polkadot-availability-distribution v23.0.0
   Compiling polkadot-node-core-chain-selection v23.0.0
   Compiling polkadot-node-core-candidate-validation v23.0.0
   Compiling polkadot-availability-recovery v23.0.0
   Compiling polkadot-node-core-bitfield-signing v23.0.0
   Compiling polkadot-node-collation-generation v23.0.0
   Compiling polkadot-availability-bitfield-distribution v23.0.1
   Compiling polkadot-node-core-prospective-parachains v22.0.0
   Compiling polkadot-node-core-provisioner v23.0.0
   Compiling polkadot-node-core-av-store v23.0.0
   Compiling polkadot-node-core-pvf-checker v23.0.0
   Compiling polkadot-gossip-support v23.0.1
   Compiling polkadot-node-core-approval-voting-parallel v0.6.0
   Compiling polkadot-dispute-distribution v23.0.0
   Compiling polkadot-collator-protocol v23.0.0
   Compiling polkadot-node-core-backing v23.0.0
   Compiling polkadot-node-core-dispute-coordinator v23.0.0
   Compiling cumulus-client-consensus-common v0.23.0
   Compiling cumulus-client-collator v0.23.0
   Compiling cumulus-client-consensus-relay-chain v0.23.0
   Compiling cumulus-client-consensus-aura v0.23.0
   Compiling polkadot-service v24.0.0
   Compiling cumulus-relay-chain-minimal-node v0.24.0
   Compiling cumulus-relay-chain-inprocess-interface v0.24.0
   Compiling cumulus-client-service v0.24.0
   Compiling polkadot-omni-node-lib v0.6.1
    Finished `release` profile [optimized] target(s) in 16m 49s
warning: the following packages contain code that will be rejected by a future version of Rust: trie-db v0.30.0
note: to see what the problems were, use the option `--future-incompat-report`, or run `cargo report future-incompatibilities --id 1`
